// Vitest Snapshot v1, https://vitest.dev/guide/snapshot.html

exports[`Shop Component > renders Shop correctly 1`] = `
{
  "asFragment": [Function],
  "baseElement": <body>
    <div>
      <div
        class="home-container"
      >
        <header
          class="header"
        >
          <h1>
            Doctorina
          </h1>
          <nav
            class="main-nav"
          >
            <ul
              class="nav-list"
            >
              <li>
                <a
                  data-discover="true"
                  href="/"
                >
                  Home
                </a>
              </li>
              <li>
                <a
                  data-discover="true"
                  href="/Shop"
                >
                  Shop
                </a>
              </li>
              <li>
                <a
                  data-discover="true"
                  href="/Cart"
                >
                  Cart
                </a>
              </li>
              <div
                role="counter"
              >
                0
              </div>
            </ul>
          </nav>
        </header>
        <div
          class="shop"
        >
          <div
            class="items-container"
            role="region"
          >
            <div
              class="item"
            >
              <img
                alt="img"
                src="https://commons.wikimedia.org/wiki/Special:Redirect/file/Apple%20fruit.jpg"
              />
              <h3>
                 
                Apple
              </h3>
              <h3>
                Fresh red fruit, sold by the pound.
              </h3>
              <div
                class="item-num"
              >
                <button>
                  &lt;
                </button>
                <p>
                  1
                </p>
                <button>
                  &gt;
                </button>
              </div>
              <button>
                Add To Cart
              </button>
            </div>
            <div
              class="item"
            >
              <img
                alt="img"
                src="https://commons.wikimedia.org/wiki/Special:Redirect/file/Milk%20glass.jpg"
              />
              <h3>
                 
                Milk
              </h3>
              <h3>
                Whole cow's milk, 1-gallon carton.
              </h3>
              <div
                class="item-num"
              >
                <button>
                  &lt;
                </button>
                <p>
                  1
                </p>
                <button>
                  &gt;
                </button>
              </div>
              <button>
                Add To Cart
              </button>
            </div>
            <div
              class="item"
            >
              <img
                alt="img"
                src="https://commons.wikimedia.org/wiki/Special:Redirect/file/Bread%20loaf.jpg"
              />
              <h3>
                 
                Bread
              </h3>
              <h3>
                Sliced whole wheat bread loaf.
              </h3>
              <div
                class="item-num"
              >
                <button>
                  &lt;
                </button>
                <p>
                  1
                </p>
                <button>
                  &gt;
                </button>
              </div>
              <button>
                Add To Cart
              </button>
            </div>
            <div
              class="item"
            >
              <img
                alt="img"
                src="https://commons.wikimedia.org/wiki/Special:Redirect/file/Egg.jpg"
              />
              <h3>
                 
                Eggs
              </h3>
              <h3>
                A dozen large grade-A eggs.
              </h3>
              <div
                class="item-num"
              >
                <button>
                  &lt;
                </button>
                <p>
                  1
                </p>
                <button>
                  &gt;
                </button>
              </div>
              <button>
                Add To Cart
              </button>
            </div>
            <div
              class="item"
            >
              <img
                alt="img"
                src="https://commons.wikimedia.org/wiki/Special:Redirect/file/Coffee%20Cup.jpg"
              />
              <h3>
                 
                Coffee
              </h3>
              <h3>
                Medium roast ground coffee beans.
              </h3>
              <div
                class="item-num"
              >
                <button>
                  &lt;
                </button>
                <p>
                  1
                </p>
                <button>
                  &gt;
                </button>
              </div>
              <button>
                Add To Cart
              </button>
            </div>
            <div
              class="item"
            >
              <img
                alt="img"
                src="https://commons.wikimedia.org/wiki/Special:Redirect/file/Cheese.jpg"
              />
              <h3>
                 
                Cheese
              </h3>
              <h3>
                A french Cheese made of Lamp's milk.
              </h3>
              <div
                class="item-num"
              >
                <button>
                  &lt;
                </button>
                <p>
                  1
                </p>
                <button>
                  &gt;
                </button>
              </div>
              <button>
                Add To Cart
              </button>
            </div>
          </div>
        </div>
        <footer>
          All rights belong to Omar
        </footer>
      </div>
    </div>
  </body>,
  "container": <div>
    <div
      class="home-container"
    >
      <header
        class="header"
      >
        <h1>
          Doctorina
        </h1>
        <nav
          class="main-nav"
        >
          <ul
            class="nav-list"
          >
            <li>
              <a
                data-discover="true"
                href="/"
              >
                Home
              </a>
            </li>
            <li>
              <a
                data-discover="true"
                href="/Shop"
              >
                Shop
              </a>
            </li>
            <li>
              <a
                data-discover="true"
                href="/Cart"
              >
                Cart
              </a>
            </li>
            <div
              role="counter"
            >
              0
            </div>
          </ul>
        </nav>
      </header>
      <div
        class="shop"
      >
        <div
          class="items-container"
          role="region"
        >
          <div
            class="item"
          >
            <img
              alt="img"
              src="https://commons.wikimedia.org/wiki/Special:Redirect/file/Apple%20fruit.jpg"
            />
            <h3>
               
              Apple
            </h3>
            <h3>
              Fresh red fruit, sold by the pound.
            </h3>
            <div
              class="item-num"
            >
              <button>
                &lt;
              </button>
              <p>
                1
              </p>
              <button>
                &gt;
              </button>
            </div>
            <button>
              Add To Cart
            </button>
          </div>
          <div
            class="item"
          >
            <img
              alt="img"
              src="https://commons.wikimedia.org/wiki/Special:Redirect/file/Milk%20glass.jpg"
            />
            <h3>
               
              Milk
            </h3>
            <h3>
              Whole cow's milk, 1-gallon carton.
            </h3>
            <div
              class="item-num"
            >
              <button>
                &lt;
              </button>
              <p>
                1
              </p>
              <button>
                &gt;
              </button>
            </div>
            <button>
              Add To Cart
            </button>
          </div>
          <div
            class="item"
          >
            <img
              alt="img"
              src="https://commons.wikimedia.org/wiki/Special:Redirect/file/Bread%20loaf.jpg"
            />
            <h3>
               
              Bread
            </h3>
            <h3>
              Sliced whole wheat bread loaf.
            </h3>
            <div
              class="item-num"
            >
              <button>
                &lt;
              </button>
              <p>
                1
              </p>
              <button>
                &gt;
              </button>
            </div>
            <button>
              Add To Cart
            </button>
          </div>
          <div
            class="item"
          >
            <img
              alt="img"
              src="https://commons.wikimedia.org/wiki/Special:Redirect/file/Egg.jpg"
            />
            <h3>
               
              Eggs
            </h3>
            <h3>
              A dozen large grade-A eggs.
            </h3>
            <div
              class="item-num"
            >
              <button>
                &lt;
              </button>
              <p>
                1
              </p>
              <button>
                &gt;
              </button>
            </div>
            <button>
              Add To Cart
            </button>
          </div>
          <div
            class="item"
          >
            <img
              alt="img"
              src="https://commons.wikimedia.org/wiki/Special:Redirect/file/Coffee%20Cup.jpg"
            />
            <h3>
               
              Coffee
            </h3>
            <h3>
              Medium roast ground coffee beans.
            </h3>
            <div
              class="item-num"
            >
              <button>
                &lt;
              </button>
              <p>
                1
              </p>
              <button>
                &gt;
              </button>
            </div>
            <button>
              Add To Cart
            </button>
          </div>
          <div
            class="item"
          >
            <img
              alt="img"
              src="https://commons.wikimedia.org/wiki/Special:Redirect/file/Cheese.jpg"
            />
            <h3>
               
              Cheese
            </h3>
            <h3>
              A french Cheese made of Lamp's milk.
            </h3>
            <div
              class="item-num"
            >
              <button>
                &lt;
              </button>
              <p>
                1
              </p>
              <button>
                &gt;
              </button>
            </div>
            <button>
              Add To Cart
            </button>
          </div>
        </div>
      </div>
      <footer>
        All rights belong to Omar
      </footer>
    </div>
  </div>,
  "debug": [Function],
  "findAllByAltText": [Function],
  "findAllByDisplayValue": [Function],
  "findAllByLabelText": [Function],
  "findAllByPlaceholderText": [Function],
  "findAllByRole": [Function],
  "findAllByTestId": [Function],
  "findAllByText": [Function],
  "findAllByTitle": [Function],
  "findByAltText": [Function],
  "findByDisplayValue": [Function],
  "findByLabelText": [Function],
  "findByPlaceholderText": [Function],
  "findByRole": [Function],
  "findByTestId": [Function],
  "findByText": [Function],
  "findByTitle": [Function],
  "getAllByAltText": [Function],
  "getAllByDisplayValue": [Function],
  "getAllByLabelText": [Function],
  "getAllByPlaceholderText": [Function],
  "getAllByRole": [Function],
  "getAllByTestId": [Function],
  "getAllByText": [Function],
  "getAllByTitle": [Function],
  "getByAltText": [Function],
  "getByDisplayValue": [Function],
  "getByLabelText": [Function],
  "getByPlaceholderText": [Function],
  "getByRole": [Function],
  "getByTestId": [Function],
  "getByText": [Function],
  "getByTitle": [Function],
  "queryAllByAltText": [Function],
  "queryAllByDisplayValue": [Function],
  "queryAllByLabelText": [Function],
  "queryAllByPlaceholderText": [Function],
  "queryAllByRole": [Function],
  "queryAllByTestId": [Function],
  "queryAllByText": [Function],
  "queryAllByTitle": [Function],
  "queryByAltText": [Function],
  "queryByDisplayValue": [Function],
  "queryByLabelText": [Function],
  "queryByPlaceholderText": [Function],
  "queryByRole": [Function],
  "queryByTestId": [Function],
  "queryByText": [Function],
  "queryByTitle": [Function],
  "rerender": [Function],
  "unmount": [Function],
}
`;
