// Vitest Snapshot v1, https://vitest.dev/guide/snapshot.html

exports[`Nav Component > renders Nav correctly 1`] = `
<div>
  <nav
    class="main-nav"
  >
    <ul
      class="nav-list"
    >
      <li>
        <a
          data-discover="true"
          href="/"
        >
          Home
        </a>
      </li>
      <li>
        <a
          data-discover="true"
          href="/Shop"
        >
          Shop
        </a>
      </li>
      <li>
        <a
          data-discover="true"
          href="/Cart"
        >
          Cart
        </a>
      </li>
    </ul>
  </nav>
</div>
`;
